........................................................................ [  2%]
........................................................................ [  4%]
........................................................................ [  7%]
F....................................................................... [  9%]
........................................................................ [ 12%]
........................................................................ [ 14%]
........................................................................ [ 16%]
.................................................................FF..... [ 19%]
....................................FF.................................. [ 21%]
........................................................................ [ 24%]
........................................................................ [ 26%]
...........................................................ssss......... [ 28%]
........................................................................ [ 31%]
........................................................................ [ 33%]
........................................................................ [ 36%]
........................................................................ [ 38%]
........................................................................ [ 40%]
........................................................................ [ 43%]
........................................................................ [ 45%]
...................FF................................................... [ 48%]
........................................................................ [ 50%]
........................................................................ [ 52%]
........................................................................ [ 55%]
........................................................................ [ 57%]
........................................................................ [ 60%]
........................................................................ [ 62%]
........................................................................ [ 64%]
........................................................................ [ 67%]
........................................................................ [ 69%]
............................................................sss.......s. [ 72%]
.....s.................................................................. [ 74%]
........................................................................ [ 76%]
........................................................................ [ 79%]
........................................................................ [ 81%]
........................................................................ [ 84%]
FF..F................................................................... [ 86%]
........................................................................ [ 88%]
........................................................................ [ 91%]
........................................................................ [ 93%]
........................................................................ [ 96%]
........................................................................ [ 98%]
................................................                         [100%]
=================================== FAILURES ===================================
________________ test_gable_pitch_computed_over_drawing_scaled _________________

    def test_gable_pitch_computed_over_drawing_scaled():
        m = _agg(_base_raw(roof_pitch="7/12"))
        prov = m.get("_gable_pitch_provenance") or []
        assert len(prov) == 2
        assert prov[0]["computed_ft"] == 8.75    # (30/2) × 7/12 — the June finding
        assert prov[0]["scaled_ft"] == 8.5
        # gable area uses the computed rise at the SEALED 0.70 factor (Howard
        # ruled 2026-08-01: one gable constant, all doors — pre-C4 0.5 retired):
        # delta = 2 × 0.7×30×(8.75−8.5) = 10.5
        m_noptch = _agg(_base_raw())
>       assert m["siding_sqft"] - m_noptch["siding_sqft"] == pytest.approx(10.5, abs=0.2)
E       assert 7.5 == 10.5 ± 0.2
E         
E         comparison failed
E         Obtained: 7.5
E         Expected: 10.5 ± 0.2

tests/test_blueprint_cut.py:90: AssertionError
________________________ test_gable_uses_070_convention ________________________

    def test_gable_uses_070_convention():
        walls = [{"label": "front", "width_ft": 30, "eave_height_ft": 0,
                  "siding_pct": 0, "gable_triangle_height_ft": 10.0,
                  "body_profile_callout": "lap"}]
        b = breakdown_walls_by_profile(walls)
        # 0.7 × 30 × 10 = 210 (the removed 0.5 path would give 150)
>       assert b["per_profile_sqft"]["lap"] == 210.0
E       assert 150.0 == 210.0

tests/test_d667_gable_reconcile.py:29: AssertionError
______________________ test_d667_self_disagreement_closed ______________________

    def test_d667_self_disagreement_closed():
        # the exact d667 case: two gable ends, 30' wide, heights 8.8 and 9.3
        walls = [
            {"label": "front", "width_ft": 30, "eave_height_ft": 0, "siding_pct": 0,
             "gable_triangle_height_ft": 8.8, "body_profile_callout": "lap"},
            {"label": "back", "width_ft": 30, "eave_height_ft": 0, "siding_pct": 0,
             "gable_triangle_height_ft": 9.3, "body_profile_callout": "lap"},
        ]
        b = breakdown_walls_by_profile(walls)
        per_profile = b["per_profile_sqft"]["lap"]
        headline = _headline_gable(walls)
>       assert round(per_profile, 1) == round(headline, 1) == 380.1
E       assert 271.5 == 380.1
E        +  where 271.5 = round(271.5, 1)
E        +  and   380.1 = round(380.1, 1)

tests/test_d667_gable_reconcile.py:44: AssertionError
________________ test_demo_reset_specified_state_and_isolation _________________

admin_session = <requests.sessions.Session object at 0xf9348c46f2d0>
mongo_db = Database(MongoClient(host=['localhost:27017'], document_class=dict, tz_aware=False, connect=True), 'vinyl_estimator')

    def test_demo_reset_specified_state_and_isolation(admin_session, mongo_db):
        s = admin_session
        # isolation baseline: every non-demo estimate must be byte-identical
        # after reset (the original Letrick source estimate was deleted from
        # the dashboard — the reset is now self-contained on the frozen run)
        others_before = {
            e["id"]: e for e in mongo_db.estimates.find(
                {"demo_key": {"$ne": "letrick_demo"}}, {"_id": 0})
        }
    
        r = s.post(f"{API}/demo/reset", timeout=120)
        assert r.status_code == 200, r.text
        d = r.json()
    
        # (1) staged showcase: scored tape check, LP composition, palette, QR links
        assert d["estimate_number"] == "DEMO-LETRICK"
        assert d["tape_check_scored"]["history_entries"] == 1
        assert d["tape_check_scored"]["accuracy_pct"] is not None
        assert d["package_lines"] > 15 and d["stored_lines_seeded"] > 15
        assert d["colors"]["siding"] == "Quarry Gray"
        assert d["share_links"]["material_list"].startswith("/m/")
        assert d["share_links"]["accuracy_report"].startswith("/r/")
        assert requests.get(
            f"{API}/public/lp-material-list/{d['share_links']['material_list'].split('/m/')[1]}",
            timeout=30).status_code == 200
        assert requests.get(
            f"{API}/public/accuracy-report/{d['share_links']['accuracy_report'].split('/r/')[1]}",
            timeout=30).status_code == 200
    
        # (2) SPECIFIED state (amended 2026-08-04, Howard's rulings): the
        # chimney ISC amber ships RATIFIED — presence confirmed twice over
        # (both witness photos + his corner ledger's 2 ISC at chase); labor
        # rows carry the demo contractor's rates; margin staged Contractor 30%
        assert d["ambers_unratified"] == []
        assert len(d["ambers_ratified"]) >= 1
        assert all(a["status"] == "verified" and "Howard corner ledger" in a["note"]
                   for a in d["ambers_ratified"])
        assert d["margin_pct"] == 30.0
        assert len(d["substitutable_lines"]) >= 1
        assert d["openings_review"]["items"] >= 1
        assert d["openings_review"]["unconfirmed"] == d["openings_review"]["items"]
    
        # labor rows priced BY the demo contractor's rates — the quote gate
        # clears for the RIGHT reason (never silenced), ruled 2026-08-04
        demo_doc = mongo_db.estimates.find_one({"demo_key": "letrick_demo"})
        rows = {str(l.get("name") or "").lower(): l for l in demo_doc["lines"]}
        for nm, rate in d["demo_labor_rates"].items():
            row = rows.get(nm)
            assert row is not None, nm
            assert row["lab"] == rate and row.get("lab_src") == "human", nm
    
        # THE demo story: quote gate OPEN — chips green, modal unblocked
        g = s.get(f"{API}/estimates/{d['estimate_id']}/gates", timeout=60).json()
        assert g["quote"]["blocked"] is False, g["quote"]["blocking"]
    
        # (4) built to run with LP-native mode ON: the demo is pure lp_smart;
        # the GLOBAL mode switch is never mutated by reset (isolation) —
        # readout reports the current state
        assert isinstance(d["lp_native_mode"], bool)
    
        # (3) hard isolation: every non-demo estimate byte-identical after reset
        others_after = {
            e["id"]: e for e in mongo_db.estimates.find(
                {"demo_key": {"$ne": "letrick_demo"}}, {"_id": 0})
        }
>       assert others_after == others_before
E       AssertionError: assert {'0104e21a-76...A', ...}, ...} == {'0104e21a-76...A', ...}, ...}
E         
E         Omitting 47 identical items, use -vv to show
E         Right contains 1 more item:
E         {'21682340-a371-40b2-bca2-2420be169816': {'accessories_color': '',
E                                                   'address': '',
E                                                   'address_city': None,
E                                                   'address_state': 'PA',...
E         
E         ...Full output truncated (80 lines hidden), use '-vv' to show

tests/test_demo_reset.py:102: AssertionError
__________________ test_demo_reset_mutates_zero_global_state ___________________

admin_session = <requests.sessions.Session object at 0xf9348c46f2d0>
mongo_db = Database(MongoClient(host=['localhost:27017'], document_class=dict, tz_aware=False, connect=True), 'vinyl_estimator')

    def test_demo_reset_mutates_zero_global_state(admin_session, mongo_db):
        """Pin (ruled 2026-06, after the lp_native_mode violation): a demo
        reset touches NOTHING outside the flagged demo estimate's documents —
        no settings, no company docs, no tier definitions."""
        def snapshot():
            return {
                "settings": sorted(
                    mongo_db.settings.find({}, {"_id": 0}),
                    key=lambda x: str(x.get("id"))),
                "companies": sorted(
                    mongo_db.companies.find({}, {"_id": 0}),
                    key=lambda x: str(x.get("id"))),
                "price_tiers": sorted(
                    mongo_db.price_tiers.find({}, {"_id": 0}),
                    key=lambda x: str(x.get("id"))),
            }
    
        before = snapshot()
        r = admin_session.post(f"{API}/demo/reset", timeout=120)
        assert r.status_code == 200, r.text
        after = snapshot()
        assert after["settings"] == before["settings"]
        assert after["companies"] == before["companies"]
>       assert after["price_tiers"] == before["price_tiers"]
E       assert [{'created_at...}, ...], ...}] == [{'created_at...}, ...], ...}]
E         
E         At index 2 diff: {'id': 'TEST_GATE-8a97ce81', 'name': 'TEST_GATE tier ce81', 'sections': [{'title': 'Siding Accessories', 'items': [{'name': 'House Wrap', 'unit': 'ROLL', 'mat': 12.0, 'lab': 5.0, 'price_changed_at': '2026-08-27T19:24:59.801923+00:00', 'price_changed_by': 'supplier-admin'}]}], 'updated_at': '2026-08-27T19:24:59.801945+00:00'} != {'id': 'b1f4191b-f6ae-4b29-9fa9-9d38656d1e7e', 'name': 'Contractor', 'sections': [{'title': 'Vinyl Siding', 'ascend': False, 'product_lines': ['vinyl'], 'items': [{'name': 'Conquest Standard color Clap 4.5" .040', 'unit': 'SQ', '...
E         
E         ...Full output truncated (3 lines hidden), use '-vv' to show

tests/test_demo_reset.py:141: AssertionError
_______________ test_seal1_key_bound_area_every_line_names_basis _______________

pkg = {'amber_items': [{'key': 'corner:isc:chimney-chase-right-return-meets-back-wall', 'kind': 'ISC', 'locator': 'chimney c....214781+00:00', 'by': 'hhunt6677@yahoo.com', 'status': 'user_measured', 'value': 19.552}}, 'appendage:right': {}}, ...}

    def test_seal1_key_bound_area_every_line_names_basis(pkg):
        """Item 1: siding area = sealed key raw 2099.7 (closes the +201.2
        frame gap by construction); every component names its basis; the AI
        read stays on record as the named fallback/comparison."""
        ab = pkg["summary"]["area_basis"]
        comps = {b["component"]: b for b in ab}
        assert comps["front wall"]["sqft"] == 478.1
        assert comps["back wall"]["sqft"] == 535.7
        assert comps["stepped side walls"]["sqft"] == 566.4
        assert comps["gables"]["sqft"] == 367.5
        assert comps["chase faces"]["sqft"] == 152.39
>       assert all(("TAPED" in b["basis"] or "BOOK" in b["basis"]) for b in ab)
E       assert False
E        +  where False = all(<generator object test_seal1_key_bound_area_every_line_names_basis.<locals>.<genexpr> at 0xf9347cbd5fc0>)

tests/test_letrick_lap_unification_ruling.py:61: AssertionError
_____________ test_seal2_gable_book_convention_with_deviation_flag _____________

pkg = {'amber_items': [{'key': 'corner:isc:chimney-chase-right-return-meets-back-wall', 'kind': 'ISC', 'locator': 'chimney c....214781+00:00', 'by': 'hhunt6677@yahoo.com', 'status': 'user_measured', 'value': 19.552}}, 'appendage:right': {}}, ...}

    def test_seal2_gable_book_convention_with_deviation_flag(pkg):
        """Item 2: book w×h×0.7 governs (367.5); AI true-triangle 380.1 on
        record, Δ −12.6 flagged. Constant sealed in code."""
>       from lp_package import GABLE_BOOK_FACTOR
E       ImportError: cannot import name 'GABLE_BOOK_FACTOR' from 'lp_package' (/app/backend/lp_package.py)

tests/test_letrick_lap_unification_ruling.py:74: ImportError
________ test_a_front_only_job_prices_the_front_and_refuses_three_faces ________

    def test_a_front_only_job_prices_the_front_and_refuses_three_faces():
        """The exact shape of the defect. Invented numbers: a 30 ft front at
        10 ft with a 6 ft gable rise; the read mirrors it to the back and
        guesses 20 ft sides."""
        walls = [
            _wall("front", 30.0, 10.0, gable=6.0, photos=(0,)),
            _wall("back", 30.0, 10.0, gable=6.0, photos=(),
                  wsrc="assumed_symmetric", hsrc="assumed_symmetric"),
            _wall("left", 20.0, 10.0, photos=(),
                  wsrc="estimated_no_direct_view", hsrc="assumed_symmetric"),
            _wall("right", 20.0, 10.0, photos=(),
                  wsrc="estimated_no_direct_view", hsrc="assumed_symmetric"),
        ]
        m = _aggregate_to_hover_shape(_raw(walls))
        assert m["_faces_measured"] == ["front"], m["_faces_measured"]
        labels = sorted(f["label"] for f in m["_faces_refused"])
        assert labels == ["back", "left", "right"]
        # THE FRONT ONLY. 30 × 10 = 300 body + ONE gable at the trade's own
        # 0.70 convention (0.70 × 30 × 6 = 126) = 426. The refused rear
        # gable adds nothing.
>       assert m["siding_sqft"] == pytest.approx(426.0, abs=0.6), m["siding_sqft"]
E       AssertionError: 390.0
E       assert 390.0 == 426.0 ± 0.6
E         
E         comparison failed
E         Obtained: 390.0
E         Expected: 426.0 ± 0.6

tests/test_send136_no_photo_no_wall_and_plane_basis_2026_08_27.py:96: AssertionError
_____________ test_a_gable_on_an_unphotographed_face_is_not_copied _____________

    def test_a_gable_on_an_unphotographed_face_is_not_copied():
        """GABLES FOLLOW THE FACE. The mirrored rear gable contributes
        nothing — the front's gable is counted once, not twice."""
        walls = [
            _wall("front", 30.0, 10.0, gable=6.0, photos=(0,)),
            _wall("back", 30.0, 10.0, gable=6.0, photos=(),
                  wsrc="assumed_symmetric", hsrc="assumed_symmetric"),
        ]
        m = _aggregate_to_hover_shape(_raw(walls))
        one_gable = 0.70 * 30.0 * 6.0        # the 0.70 trade convention
>       assert m["_ai_gable_sqft"] == pytest.approx(one_gable, abs=0.6), (
            "the rear gable was copied from the front elevation")
E       AssertionError: the rear gable was copied from the front elevation
E       assert 90.0 == 126.0 ± 0.6
E         
E         comparison failed
E         Obtained: 90.0
E         Expected: 126.0 ± 0.6

tests/test_send136_no_photo_no_wall_and_plane_basis_2026_08_27.py:132: AssertionError
________________ test_a_four_photo_job_still_prices_four_walls _________________

    def test_a_four_photo_job_still_prices_four_walls():
        """THE RULE DOES NOT COST AN HONEST JOB ANYTHING. Each wall has its
        own photo, so all four are DERIVED and every house-level run is back."""
        walls = [
            _wall("front", 30.0, 10.0, gable=6.0, photos=(0,)),
            _wall("back", 30.0, 10.0, gable=6.0, photos=(1,)),
            _wall("left", 20.0, 10.0, photos=(2,)),
            _wall("right", 20.0, 10.0, photos=(3,)),
        ]
        m = _aggregate_to_hover_shape(_raw(walls))
        assert m["_faces_refused"] == []
        assert m["_faces_measured"] == ["front", "back", "left", "right"]
        assert m["_face_refusal_note"] is None
        # 2×(30×10) + 2×(20×10) = 1000 body, + TWO measured gables at the
        # 0.70 convention (0.70 × 30 × 6 = 126 each) = 1252
>       assert m["siding_sqft"] == pytest.approx(1252.0, abs=1.0), m["siding_sqft"]
E       AssertionError: 1180.0
E       assert 1180.0 == 1252.0 ± 1
E         
E         comparison failed
E         Obtained: 1180.0
E         Expected: 1252.0 ± 1

tests/test_send136_no_photo_no_wall_and_plane_basis_2026_08_27.py:182: AssertionError
=============================== warnings summary ===============================
../../root/.venv/lib/python3.11/site-packages/starlette/formparsers.py:12
  /root/.venv/lib/python3.11/site-packages/starlette/formparsers.py:12: PendingDeprecationWarning: Please use `import python_multipart` instead.
    import multipart

tests/test_integral_j_toggle_2026_08_06.py::test_validation_reject_logs_field_and_layer_server_side
  /app/backend/server.py:128: DeprecationWarning: 
          on_event is deprecated, use lifespan event handlers instead.
  
          Read more about it in the
          [FastAPI docs for Lifespan Events](https://fastapi.tiangolo.com/advanced/events/).
          
    @app.on_event("startup")

tests/test_integral_j_toggle_2026_08_06.py::test_validation_reject_logs_field_and_layer_server_side
tests/test_integral_j_toggle_2026_08_06.py::test_validation_reject_logs_field_and_layer_server_side
  /root/.venv/lib/python3.11/site-packages/fastapi/applications.py:4495: DeprecationWarning: 
          on_event is deprecated, use lifespan event handlers instead.
  
          Read more about it in the
          [FastAPI docs for Lifespan Events](https://fastapi.tiangolo.com/advanced/events/).
          
    return self.router.on_event(event_type)

tests/test_integral_j_toggle_2026_08_06.py::test_validation_reject_logs_field_and_layer_server_side
  /app/backend/server.py:133: DeprecationWarning: 
          on_event is deprecated, use lifespan event handlers instead.
  
          Read more about it in the
          [FastAPI docs for Lifespan Events](https://fastapi.tiangolo.com/advanced/events/).
          
    @app.on_event("shutdown")

tests/test_no_raw_wall_dim_in_priced_path_2026_08_14_send17.py::test_no_new_raw_wall_dim_read_appears_in_a_priced_path
  /app/backend/tests/test_no_raw_wall_dim_in_priced_path_2026_08_14_send17.py:180: UserWarning: census pin GREEN — 6 baselined reads, 0 PENDING_CONVERSION (none); 8 removal(s) logged (see baseline REMOVAL_LOG)
    warnings.warn(summary, stacklevel=1)

tests/test_security_audit_fixes.py::test_pdf_fetcher_allows_data_uri
  /root/.venv/lib/python3.11/site-packages/weasyprint/urls.py:199: DeprecationWarning: default_url_fetcher is deprecated and will be removed in WeasyPrint 69.0, please use URLFetcher instead. For security reasons, HTTP redirects are not supported anymore with default_url_fetcher, but are with URLFetcher.
  
  See https://doc.courtbouillon.org/weasyprint/stable/first_steps.html#url-fetchers
    warnings.warn(

-- Docs: https://docs.pytest.org/en/stable/how-to/capture-warnings.html
=========================== short test summary info ============================
SKIPPED [1] tests/test_external_smoke_2026_08_07.py:42: ingress smoke runs on the handback cadence (TEST_API_EXTERNAL=1)
SKIPPED [1] tests/test_external_smoke_2026_08_07.py:50: ingress smoke runs on the handback cadence (TEST_API_EXTERNAL=1)
SKIPPED [1] tests/test_external_smoke_2026_08_07.py:59: ingress smoke runs on the handback cadence (TEST_API_EXTERNAL=1)
SKIPPED [1] tests/test_external_smoke_2026_08_07.py:90: ingress smoke runs on the handback cadence (TEST_API_EXTERNAL=1)
SKIPPED [1] tests/test_rulings_2026_08_14_send13.py:72: ruling:held: NOT BUILT, recorded retroactively per Ruling F (send-15). Send-13 ordered the shared-source flag onto THREE surfaces (elevation sheet, read-back card, money-line note); only the READ-BACK CARD was built. The ELEVATION SHEET surface was ORDERED AND MISSED — a prose-said-done gap. WHAT WOULD UNHOLD IT: build the rail onto the elevation sheet with a render pin (see send-15 Ruling F).
SKIPPED [1] tests/test_rulings_2026_08_14_send13.py:83: ruling:held: NOT BUILT, recorded retroactively per Ruling F (send-15). Send-13 ordered a money-line note for the shared-source flag; it was never built. SUPERSEDED by Ruling J (send-15): money reflects the quantity's status via the honest takeoff, not bespoke money-line note logic. WHAT WOULD UNHOLD IT: Howard reconciling F's money-line note with J's 'no special money-line logic'.
SKIPPED [1] tests/test_rulings_2026_08_14_send13.py:94: ruling:held: HELD RULING (send-13 §3 part 2, ON THE RECORD, NOT YET BUILT): a page mistyped schedule/cover that actually carries drawn geometry must be re-checked against its own feet-inch dimension-token count and treated as a drawing. WHAT WOULD UNHOLD IT: a REAL plan set with genuine schedule/cover pages to pick a non-invented threshold (Boni has none). The signal and a report already exist: ab._feet_inch_dim_tokens + scripts/drawn_geometry_token_report.py. Un-skip and pin the threshold when the real plan set arrives. This skip is the register refusing to let a held ruling vanish.
SKIPPED [1] tests/test_rulings_2026_08_14_send15.py:73: ruling:held: RULING F (send-15) money-line + elevation-sheet surfaces. MONEY LINE is SUPERSEDED by Ruling J: money must reflect the quantity's status via the honest takeoff (Ruling H), NOT bespoke money-line note logic which J forbids ('do not build special money-line logic'). ELEVATION-SHEET rail render is a frontend surface whose 'what renders' pin needs frontend test infra not present in the pytest suite. WHAT WOULD UNHOLD IT: Howard's decision on whether the elevation sheet gets the rail given J, plus a frontend render harness for the pin. The two send-13 surfaces are recorded NOT BUILT in the send-13 register.
SKIPPED [1] tests/test_rulings_2026_08_14_send16.py:87: ruling:held: RULING F RETIRED as written (send-16 supersedes send-15 F). Money-line flagging / conflict-only-vs-all-shares is NOT built and will NOT be: status travels with the quantity (J) and the money surface renders what arrived — building money-line logic would violate the sealed principle ('no special money-line logic'). What survives is only a display/zoom rendering choice, made after the status plumbing is wired. WHAT WOULD UNHOLD IT: nothing to build here by design; a future display-choice ruling, if any.
10 failed, 2981 passed, 9 skipped, 7 warnings in 642.54s (0:10:42)
